// Jest Snapshot v1, https://goo.gl/fbAQLP

exports[`renders correctly 1`] = `
<View
  style={
    Array [
      Object {
        "alignItems": "center",
        "backgroundColor": "#cf8538",
        "flexBasis": 0,
        "flexGrow": 1,
        "flexShrink": 1,
        "justifyContent": "center",
      },
    ]
  }
>
  <RCTScrollView
    refreshControl={
      <RefreshControlMock
        onRefresh={[Function]}
        refreshing={false}
      />
    }
    style={
      Array [
        Object {
          "backgroundColor": "#cf8538",
          "marginBottom": 20,
          "marginLeft": 40,
          "marginRight": 40,
          "marginTop": 40,
        },
      ]
    }
  >
    <RCTRefreshControl />
    <View />
  </RCTScrollView>
  <View
    pointerEvents="box-none"
    style={
      Array [
        Object {
          "bottom": 0,
          "justifyContent": "flex-end",
          "left": 0,
          "position": "absolute",
          "right": 0,
          "top": 0,
        },
        undefined,
      ]
    }
  >
    <View
      accessible={true}
      focusable={true}
      onClick={[Function]}
      onResponderGrant={[Function]}
      onResponderMove={[Function]}
      onResponderRelease={[Function]}
      onResponderTerminate={[Function]}
      onResponderTerminationRequest={[Function]}
      onStartShouldSetResponder={[Function]}
      pointerEvents="none"
      style={
        Object {
          "backgroundColor": "rgba(36, 36, 36, 0.6)",
          "bottom": 0,
          "left": 0,
          "opacity": 0,
          "position": "absolute",
          "right": 0,
          "top": 0,
        }
      }
    />
    <RCTSafeAreaView
      emulateUnlessSupported={true}
      pointerEvents="box-none"
      style={
        Object {
          "alignItems": "flex-end",
        }
      }
    >
      <View
        pointerEvents="none"
        style={
          Object {
            "opacity": 0,
            "transform": Array [
              Object {
                "scale": 0,
              },
            ],
          }
        }
      >
        <View
          style={
            Object {
              "alignItems": "center",
              "flexDirection": "row",
              "justifyContent": "flex-end",
              "marginBottom": 16,
              "marginRight": 24,
            }
          }
        >
          <Text
            style={
              Array [
                Object {
                  "backgroundColor": "white",
                  "borderRadius": 5,
                  "color": "black",
                  "elevation": 2,
                  "marginHorizontal": 16,
                  "marginVertical": 8,
                  "paddingHorizontal": 12,
                  "paddingVertical": 6,
                },
                undefined,
              ]
            }
          >
            Add post
          </Text>
          <View
            style={
              Object {
                "alignItems": "center",
                "borderRadius": 28,
                "flexDirection": "row",
                "justifyContent": "center",
                "opacity": 1,
                "transform": Array [
                  Object {
                    "scale": 1,
                  },
                ],
              }
            }
          >
            <View
              style={
                Array [
                  Object {
                    "borderRadius": 3,
                    "overflow": "hidden",
                  },
                  Object {
                    "borderRadius": 3,
                  },
                  Object {
                    "borderRadius": 28,
                    "elevation": 4,
                  },
                  false,
                ]
              }
            >
              <View
                accessibilityRole="button"
                accessibilityState={
                  Object {
                    "busy": false,
                    "disabled": false,
                  }
                }
                accessible={true}
                focusable={true}
                onClick={[Function]}
                onResponderGrant={[Function]}
                onResponderMove={[Function]}
                onResponderRelease={[Function]}
                onResponderTerminate={[Function]}
                onResponderTerminationRequest={[Function]}
                onStartShouldSetResponder={[Function]}
                style={
                  Object {
                    "opacity": 1,
                  }
                }
              >
                <View
                  style={
                    Object {
                      "alignItems": "center",
                      "backgroundColor": "#316ef3",
                      "borderColor": "#2089dc",
                      "borderRadius": 3,
                      "borderWidth": 0,
                      "flexDirection": "row",
                      "height": 40,
                      "justifyContent": "center",
                      "padding": 8,
                      "width": 40,
                    }
                  }
                >
                  <View
                    style={
                      Object {
                        "height": 40,
                        "marginHorizontal": 5,
                        "overflow": "hidden",
                        "padding": 8,
                        "width": 40,
                      }
                    }
                  >
                    <View>
                      <View
                        style={
                          Object {
                            "alignItems": "center",
                            "backgroundColor": "transparent",
                            "justifyContent": "center",
                          }
                        }
                      >
                        <Text />
                      </View>
                    </View>
                  </View>
                </View>
              </View>
            </View>
          </View>
        </View>
      </View>
      <View
        style={
          Object {
            "alignItems": "center",
            "borderRadius": 28,
            "flexDirection": "row",
            "justifyContent": "center",
            "margin": 16,
            "marginTop": 0,
            "opacity": 1,
            "transform": Array [
              Object {
                "scale": 1,
              },
            ],
          }
        }
      >
        <View
          style={
            Array [
              Object {
                "borderRadius": 3,
                "overflow": "hidden",
              },
              Object {
                "borderRadius": 3,
              },
              Object {
                "borderRadius": 28,
                "elevation": 4,
              },
              false,
            ]
          }
        >
          <View
            accessibilityRole="button"
            accessibilityState={
              Object {
                "busy": false,
                "disabled": false,
              }
            }
            accessible={true}
            focusable={true}
            onClick={[Function]}
            onResponderGrant={[Function]}
            onResponderMove={[Function]}
            onResponderRelease={[Function]}
            onResponderTerminate={[Function]}
            onResponderTerminationRequest={[Function]}
            onStartShouldSetResponder={[Function]}
            style={
              Object {
                "opacity": 1,
              }
            }
          >
            <View
              style={
                Object {
                  "alignItems": "center",
                  "backgroundColor": "#316ef3",
                  "borderColor": "#2089dc",
                  "borderRadius": 3,
                  "borderWidth": 0,
                  "flexDirection": "row",
                  "height": 40,
                  "justifyContent": "center",
                  "padding": 8,
                  "width": 40,
                }
              }
            >
              <View
                style={
                  Object {
                    "height": 40,
                    "marginHorizontal": 5,
                    "overflow": "hidden",
                    "padding": 8,
                    "width": 40,
                  }
                }
              >
                <View>
                  <View
                    style={
                      Object {
                        "alignItems": "center",
                        "backgroundColor": "transparent",
                        "justifyContent": "center",
                      }
                    }
                  >
                    <Text />
                  </View>
                </View>
              </View>
            </View>
          </View>
        </View>
      </View>
    </RCTSafeAreaView>
  </View>
</View>
`;
