// Jest Snapshot v1, https://goo.gl/fbAQLP

exports[`App should render correctly 1`] = `
<RNCSafeAreaProvider
  onInsetsChange={[Function]}
  style={
    Array [
      Object {
        "flex": 1,
      },
      undefined,
    ]
  }
>
  <RNSScreenStack
    style={
      Object {
        "flex": 1,
      }
    }
  >
    <RNSScreen
      forwardedRef={[Function]}
      onAppear={[Function]}
      onDisappear={[Function]}
      onDismissed={[Function]}
      onWillDisappear={[Function]}
      replaceAnimation="push"
      stackPresentation="push"
      style={
        Object {
          "bottom": 0,
          "left": 0,
          "position": "absolute",
          "right": 0,
          "top": 0,
        }
      }
    >
      <RNSScreenStackHeaderConfig
        backButtonInCustomView={false}
        backgroundColor="rgb(255, 255, 255)"
        color="rgb(0, 122, 255)"
        direction="ltr"
        disableBackButtonMenu={false}
        hidden={true}
        hideBackButton={false}
        hideShadow={false}
        largeTitleHideShadow={false}
        title="Login"
        titleColor="rgb(28, 28, 30)"
        topInsetEnabled={false}
        translucent={false}
      />
      <View
        style={
          Array [
            Object {
              "flex": 1,
            },
            Object {
              "backgroundColor": "rgb(242, 242, 242)",
            },
            undefined,
          ]
        }
      >
        <View
          style={
            Array [
              Object {
                "alignItems": "center",
                "backgroundColor": "#cf8538",
                "flexBasis": 0,
                "flexGrow": 1,
                "flexShrink": 1,
                "justifyContent": "center",
              },
            ]
          }
        >
          <View
            style={
              Array [
                Object {
                  "width": "80%",
                },
              ]
            }
          >
            <Image
              source={1}
              style={
                Array [
                  Object {
                    "height": 220,
                    "marginBottom": 20,
                    "marginLeft": 52,
                    "width": 220,
                  },
                ]
              }
            />
            <TextInput
              allowFontScaling={true}
              onChangeText={[Function]}
              placeholder="Email"
              rejectResponderTermination={true}
              style={
                Array [
                  Object {
                    "backgroundColor": "white",
                    "borderColor": "white",
                    "borderRadius": 10,
                    "color": "black",
                    "marginTop": 5,
                    "paddingBottom": 10,
                    "paddingLeft": 10,
                    "paddingRight": 10,
                    "paddingTop": 10,
                  },
                ]
              }
              underlineColorAndroid="transparent"
              value=""
            />
            <TextInput
              allowFontScaling={true}
              onChangeText={[Function]}
              placeholder="Password"
              rejectResponderTermination={true}
              secureTextEntry={true}
              style={
                Array [
                  Object {
                    "backgroundColor": "white",
                    "borderColor": "white",
                    "borderRadius": 10,
                    "color": "black",
                    "marginTop": 5,
                    "paddingBottom": 10,
                    "paddingLeft": 10,
                    "paddingRight": 10,
                    "paddingTop": 10,
                  },
                ]
              }
              underlineColorAndroid="transparent"
              value=""
            />
          </View>
          <View
            style={
              Array [
                Object {
                  "alignItems": "center",
                  "justifyContent": "center",
                  "marginTop": 20,
                  "width": 100,
                },
              ]
            }
          >
            <View
              accessible={true}
              focusable={true}
              onClick={[Function]}
              onResponderGrant={[Function]}
              onResponderMove={[Function]}
              onResponderRelease={[Function]}
              onResponderTerminate={[Function]}
              onResponderTerminationRequest={[Function]}
              onStartShouldSetResponder={[Function]}
              style={
                Object {
                  "alignItems": "center",
                  "backgroundColor": "white",
                  "borderRadius": 10,
                  "marginTop": 12,
                  "opacity": 1,
                  "paddingBottom": 12,
                  "paddingLeft": 12,
                  "paddingRight": 12,
                  "paddingTop": 12,
                  "width": 110,
                }
              }
            >
              <Text
                style={
                  Array [
                    Object {
                      "color": "black",
                      "fontSize": 16,
                      "fontWeight": "700",
                    },
                  ]
                }
              >
                Login
              </Text>
            </View>
            <View
              accessible={true}
              focusable={true}
              onClick={[Function]}
              onResponderGrant={[Function]}
              onResponderMove={[Function]}
              onResponderRelease={[Function]}
              onResponderTerminate={[Function]}
              onResponderTerminationRequest={[Function]}
              onStartShouldSetResponder={[Function]}
              style={
                Object {
                  "alignItems": "center",
                  "backgroundColor": "white",
                  "borderRadius": 10,
                  "marginTop": 12,
                  "opacity": 1,
                  "paddingBottom": 12,
                  "paddingLeft": 12,
                  "paddingRight": 12,
                  "paddingTop": 12,
                  "width": 110,
                }
              }
            >
              <Text
                style={
                  Array [
                    Object {
                      "color": "black",
                      "fontSize": 16,
                      "fontWeight": "700",
                    },
                  ]
                }
              >
                Sign Up
              </Text>
            </View>
          </View>
        </View>
      </View>
    </RNSScreen>
  </RNSScreenStack>
</RNCSafeAreaProvider>
`;
